// Jest Snapshot v1, https://goo.gl/fbAQLP

exports[`Use Jest snapshots to test the components. Renders calculator buttons 1`] = `
<div
  className="calculator-wrapper"
>
  <div
    style={
      Object {
        "alignItems": "center",
        "display": "flex",
        "flexDirection": "row",
        "justifyContent": "center",
        "marginBottom": "20px",
      }
    }
  >
    <svg
      fill="currentColor"
      height="1em"
      stroke="currentColor"
      strokeWidth="0"
      style={
        Object {
          "color": undefined,
          "fontSize": "40px",
        }
      }
      viewBox="0 0 24 24"
      width="1em"
      xmlns="http://www.w3.org/2000/svg"
    >
      <path
        d="M12 2C6.486 2 2 6.486 2 12s4.486 10 10 10 10-4.486 10-10S17.514 2 12 2zm0 18c-4.411 0-8-3.589-8-8s3.589-8 8-8 8 3.589 8 8-3.589 8-8 8z"
      />
      <path
        d="M14.828 14.828a3.988 3.988 0 0 1-2.02 1.09 4.108 4.108 0 0 1-1.616 0 4.103 4.103 0 0 1-.749-.232 4.161 4.161 0 0 1-.679-.368 4.115 4.115 0 0 1-1.082-1.082l-1.658 1.117c.215.319.462.619.733.889a5.991 5.991 0 0 0 8.485.002c.272-.271.52-.571.734-.891l-1.658-1.117c-.143.211-.307.41-.49.592z"
      />
      <circle
        cx="8.5"
        cy="10.5"
        r="1.5"
      />
      <path
        d="M15.5 10c-2 0-2.5 2-2.5 2h5s-.501-2-2.5-2z"
      />
    </svg>
    <h2>
      Try out our calculator!
    </h2>
  </div>
  <div
    className="calculator"
  >
    <div
      className="screen"
      data-testid="screen"
    >
      0
    </div>
    <input
      className=""
      onClick={[Function]}
      type="button"
      value="AC"
    />
    <input
      className=""
      onClick={[Function]}
      type="button"
      value="+/-"
    />
    <input
      className=""
      onClick={[Function]}
      type="button"
      value="%"
    />
    <input
      className="orange"
      onClick={[Function]}
      type="button"
      value="รท"
    />
    <input
      className=""
      onClick={[Function]}
      type="button"
      value="7"
    />
    <input
      className=""
      onClick={[Function]}
      type="button"
      value="8"
    />
    <input
      className=""
      onClick={[Function]}
      type="button"
      value="9"
    />
    <input
      className="orange"
      onClick={[Function]}
      type="button"
      value="x"
    />
    <input
      className=""
      onClick={[Function]}
      type="button"
      value="4"
    />
    <input
      className=""
      onClick={[Function]}
      type="button"
      value="5"
    />
    <input
      className=""
      onClick={[Function]}
      type="button"
      value="6"
    />
    <input
      className="orange"
      onClick={[Function]}
      type="button"
      value="-"
    />
    <input
      className=""
      onClick={[Function]}
      type="button"
      value="1"
    />
    <input
      className=""
      onClick={[Function]}
      type="button"
      value="2"
    />
    <input
      className=""
      onClick={[Function]}
      type="button"
      value="3"
    />
    <input
      className="orange"
      onClick={[Function]}
      type="button"
      value="+"
    />
    <input
      className="zero"
      onClick={[Function]}
      type="button"
      value="0"
    />
    <input
      className=""
      onClick={[Function]}
      type="button"
      value="."
    />
    <input
      className="orange"
      onClick={[Function]}
      type="button"
      value="="
    />
  </div>
</div>
`;
